// Jest Snapshot v1, https://goo.gl/fbAQLP

exports[`java snippets file snapshot 1`] = `
[
  "../../snippets/java/app/src/test/java/AppTest.java",
  "../../snippets/java/app/src/main/java/TokenizePost.java",
  "../../snippets/java/app/src/main/java/SummarizePost.java",
  "../../snippets/java/app/src/main/java/RerankPost.java",
  "../../snippets/java/app/src/main/java/ModelsListGet.java",
  "../../snippets/java/app/src/main/java/GeneratePost.java",
  "../../snippets/java/app/src/main/java/EmebedJobsGet.java",
  "../../snippets/java/app/src/main/java/EmbedPost.java",
  "../../snippets/java/app/src/main/java/EmbedJobsPost.java",
  "../../snippets/java/app/src/main/java/EmbedJobsGet.java",
  "../../snippets/java/app/src/main/java/EmbedJobsCancel.java",
  "../../snippets/java/app/src/main/java/DetokenizePost.java",
  "../../snippets/java/app/src/main/java/DatasetUsageGet.java",
  "../../snippets/java/app/src/main/java/DatasetPost.java",
  "../../snippets/java/app/src/main/java/DatasetGet.java",
  "../../snippets/java/app/src/main/java/DatasetDelete.java",
  "../../snippets/java/app/src/main/java/ConnectorsList.java",
  "../../snippets/java/app/src/main/java/ConnectorsIdOauthAuthorizePost.java",
  "../../snippets/java/app/src/main/java/ConnectorPatch.java",
  "../../snippets/java/app/src/main/java/ConnectorGet.java",
  "../../snippets/java/app/src/main/java/ConnectorDelete.java",
  "../../snippets/java/app/src/main/java/ConnectorCreate.java",
  "../../snippets/java/app/src/main/java/ClassifyPost.java",
  "../../snippets/java/app/src/main/java/finetuning/UpdateFinetunedModel.java",
  "../../snippets/java/app/src/main/java/finetuning/ListTrainingStepMetrics.java",
  "../../snippets/java/app/src/main/java/finetuning/ListFinetunedModels.java",
  "../../snippets/java/app/src/main/java/finetuning/ListEvents.java",
  "../../snippets/java/app/src/main/java/finetuning/GetFinetunedModel.java",
  "../../snippets/java/app/src/main/java/finetuning/DeleteFinetunedModel.java",
  "../../snippets/java/app/src/main/java/finetuning/CreateFinetunedModel.java",
  "../../snippets/java/app/src/main/java/chatpost/Tools.java",
  "../../snippets/java/app/src/main/java/chatpost/Stream.java",
  "../../snippets/java/app/src/main/java/chatpost/Documents.java",
  "../../snippets/java/app/src/main/java/chatpost/Default.java",
]
`;
